2026-04-24 15:00:03,592 - INFO - Logging to: logs/orchestrator_20260424_093003.log
2026-04-24 15:00:03,592 - INFO - Orchestrator initialized. Output dir: ./results
2026-04-24 15:00:03,592 - INFO - ============================================================
2026-04-24 15:00:03,592 - INFO - Starting Gap Mapping Pipeline
2026-04-24 15:00:03,593 - INFO - ============================================================
2026-04-24 15:00:03,593 - INFO - Loading targets from: targets.json
2026-04-24 15:00:03,593 - INFO - Found 5 subfield(s) to process
2026-04-24 15:00:03,593 - INFO - 
============================================================
2026-04-24 15:00:03,593 - INFO - STEP 1: Scraping Data Sources
2026-04-24 15:00:03,593 - INFO - ============================================================
2026-04-24 15:02:35,490 - INFO - 
============================================================
2026-04-24 15:02:35,490 - INFO - STEP 2: Processing Data (Data Architect)
2026-04-24 15:02:35,490 - INFO - ============================================================
2026-04-24 15:02:35,514 - INFO - Processed 5 subfield(s)
2026-04-24 15:02:35,515 - INFO - 
============================================================
2026-04-24 15:02:35,515 - INFO - STEP 3: Generating Visualization
2026-04-24 15:02:35,515 - INFO - ============================================================
2026-04-24 15:02:36,068 - INFO - 
============================================================
2026-04-24 15:02:36,068 - INFO - Pipeline Complete
2026-04-24 15:02:36,068 - INFO - ============================================================
2026-04-24 15:02:36,068 - INFO - Duration: 152.48 seconds
2026-04-24 15:02:36,068 - INFO - Subfields processed: 5
2026-04-24 15:02:36,068 - INFO - Errors: 0
