2026-04-24 15:12:43,926 - INFO - Logging to: logs/orchestrator_20260424_094243.log
2026-04-24 15:12:43,927 - INFO - Orchestrator initialized. Output dir: ./results
2026-04-24 15:12:43,927 - INFO - ============================================================
2026-04-24 15:12:43,927 - INFO - Starting Gap Mapping Pipeline
2026-04-24 15:12:43,927 - INFO - ============================================================
2026-04-24 15:12:43,927 - INFO - Loading targets from: targets.json
2026-04-24 15:12:43,927 - INFO - Found 5 subfield(s) to process
2026-04-24 15:12:43,927 - INFO - 
============================================================
2026-04-24 15:12:43,927 - INFO - STEP 1: Scraping Data Sources
2026-04-24 15:12:43,927 - INFO - ============================================================
2026-04-24 15:16:41,371 - INFO - 
============================================================
2026-04-24 15:16:41,372 - INFO - STEP 2: Processing Data (Data Architect)
2026-04-24 15:16:41,372 - INFO - ============================================================
2026-04-24 15:16:41,410 - INFO - Processed 5 subfield(s)
2026-04-24 15:16:41,410 - INFO - 
============================================================
2026-04-24 15:16:41,410 - INFO - STEP 3: Generating Visualization
2026-04-24 15:16:41,410 - INFO - ============================================================
2026-04-24 15:16:41,817 - INFO - 
============================================================
2026-04-24 15:16:41,817 - INFO - Pipeline Complete
2026-04-24 15:16:41,817 - INFO - ============================================================
2026-04-24 15:16:41,817 - INFO - Duration: 237.89 seconds
2026-04-24 15:16:41,817 - INFO - Subfields processed: 5
2026-04-24 15:16:41,817 - INFO - Errors: 0
