
============================================================
Subfield: CV in Sports Analytics
Timestamp: 2026-04-24T09:32:35.491322+00:00
Processed Data:
  Subfield: CV in Sports Analytics
  Paper Count (3yr): N/A
  Citation Intensity (3yr avg): N/A
  Paper Growth Rate (YoY %): 0.0
  Patent Count (3yr): N/A
  NPL Citation Rate (3yr %): N/A
  Corporate Patent Share (3yr %): N/A
  Product Hunt Launches (3yr): 0.0
  Product Hunt Growth (YoY %): 0.0
  Form-D Filing Count (3yr): 1.0
  Capital Deployed (3yr $M): 5.75
  PE/VC Filing Growth (YoY %): 0.0
WARNING: N/A values in fields: ['Paper Count (3yr)', 'Citation Intensity (3yr avg)', 'Patent Count (3yr)', 'NPL Citation Rate (3yr %)', 'Corporate Patent Share (3yr %)']

============================================================
Subfield: Autonomous Drone Navigation
Timestamp: 2026-04-24T09:32:35.491539+00:00
Processed Data:
  Subfield: Autonomous Drone Navigation
  Paper Count (3yr): N/A
  Citation Intensity (3yr avg): N/A
  Paper Growth Rate (YoY %): 0.0
  Patent Count (3yr): N/A
  NPL Citation Rate (3yr %): N/A
  Corporate Patent Share (3yr %): N/A
  Product Hunt Launches (3yr): 0.0
  Product Hunt Growth (YoY %): 0.0
  Form-D Filing Count (3yr): 0.0
  Capital Deployed (3yr $M): 0.0
  PE/VC Filing Growth (YoY %): 0.0
WARNING: N/A values in fields: ['Paper Count (3yr)', 'Citation Intensity (3yr avg)', 'Patent Count (3yr)', 'NPL Citation Rate (3yr %)', 'Corporate Patent Share (3yr %)']

============================================================
Subfield: Digital Twin Manufacturing
Timestamp: 2026-04-24T09:32:35.491625+00:00
Processed Data:
  Subfield: Digital Twin Manufacturing
  Paper Count (3yr): N/A
  Citation Intensity (3yr avg): N/A
  Paper Growth Rate (YoY %): 0.0
  Patent Count (3yr): N/A
  NPL Citation Rate (3yr %): N/A
  Corporate Patent Share (3yr %): N/A
  Product Hunt Launches (3yr): 0.0
  Product Hunt Growth (YoY %): 0.0
  Form-D Filing Count (3yr): 0.0
  Capital Deployed (3yr $M): 0.0
  PE/VC Filing Growth (YoY %): 0.0
WARNING: N/A values in fields: ['Paper Count (3yr)', 'Citation Intensity (3yr avg)', 'Patent Count (3yr)', 'NPL Citation Rate (3yr %)', 'Corporate Patent Share (3yr %)']

============================================================
Subfield: AI for Drug Discovery
Timestamp: 2026-04-24T09:32:35.491703+00:00
Processed Data:
  Subfield: AI for Drug Discovery
  Paper Count (3yr): N/A
  Citation Intensity (3yr avg): N/A
  Paper Growth Rate (YoY %): 0.0
  Patent Count (3yr): N/A
  NPL Citation Rate (3yr %): N/A
  Corporate Patent Share (3yr %): N/A
  Product Hunt Launches (3yr): 0.0
  Product Hunt Growth (YoY %): 0.0
  Form-D Filing Count (3yr): 0.0
  Capital Deployed (3yr $M): 0.0
  PE/VC Filing Growth (YoY %): 0.0
WARNING: N/A values in fields: ['Paper Count (3yr)', 'Citation Intensity (3yr avg)', 'Patent Count (3yr)', 'NPL Citation Rate (3yr %)', 'Corporate Patent Share (3yr %)']

============================================================
Subfield: Edge AI for IoT
Timestamp: 2026-04-24T09:32:35.491775+00:00
Processed Data:
  Subfield: Edge AI for IoT
  Paper Count (3yr): N/A
  Citation Intensity (3yr avg): N/A
  Paper Growth Rate (YoY %): 0.0
  Patent Count (3yr): N/A
  NPL Citation Rate (3yr %): N/A
  Corporate Patent Share (3yr %): N/A
  Product Hunt Launches (3yr): 0.0
  Product Hunt Growth (YoY %): 0.0
  Form-D Filing Count (3yr): 0.0
  Capital Deployed (3yr $M): 0.0
  PE/VC Filing Growth (YoY %): 0.0
WARNING: N/A values in fields: ['Paper Count (3yr)', 'Citation Intensity (3yr avg)', 'Patent Count (3yr)', 'NPL Citation Rate (3yr %)', 'Corporate Patent Share (3yr %)']

============================================================
Subfield: CV in Sports Analytics
Timestamp: 2026-04-24T09:46:41.373101+00:00
Processed Data:
  Subfield: CV in Sports Analytics
  Paper Count (3yr): 796.0
  Citation Intensity (3yr avg): 9.7
  Paper Growth Rate (YoY %): 20.4
  Patent Count (3yr): 11751.0
  NPL Citation Rate (3yr %): 0.0
  Corporate Patent Share (3yr %): 50.0
  Product Hunt Launches (3yr): 0.0
  Product Hunt Growth (YoY %): 0.0
  Form-D Filing Count (3yr): 1.0
  Capital Deployed (3yr $M): 5.75
  PE/VC Filing Growth (YoY %): 0.0

============================================================
Subfield: Autonomous Drone Navigation
Timestamp: 2026-04-24T09:46:41.373808+00:00
Processed Data:
  Subfield: Autonomous Drone Navigation
  Paper Count (3yr): 486.0
  Citation Intensity (3yr avg): 1.6
  Paper Growth Rate (YoY %): 85.82
  Patent Count (3yr): 9432.0
  NPL Citation Rate (3yr %): 0.0
  Corporate Patent Share (3yr %): 70.0
  Product Hunt Launches (3yr): 0.0
  Product Hunt Growth (YoY %): 0.0
  Form-D Filing Count (3yr): 0.0
  Capital Deployed (3yr $M): 0.0
  PE/VC Filing Growth (YoY %): 0.0

============================================================
Subfield: Digital Twin Manufacturing
Timestamp: 2026-04-24T09:46:41.373976+00:00
Processed Data:
  Subfield: Digital Twin Manufacturing
  Paper Count (3yr): 422.0
  Citation Intensity (3yr avg): 6.4
  Paper Growth Rate (YoY %): 106.6
  Patent Count (3yr): 2208.0
  NPL Citation Rate (3yr %): 0.0
  Corporate Patent Share (3yr %): 60.0
  Product Hunt Launches (3yr): 0.0
  Product Hunt Growth (YoY %): 0.0
  Form-D Filing Count (3yr): 0.0
  Capital Deployed (3yr $M): 0.0
  PE/VC Filing Growth (YoY %): 0.0

============================================================
Subfield: AI for Drug Discovery
Timestamp: 2026-04-24T09:46:41.374121+00:00
Processed Data:
  Subfield: AI for Drug Discovery
  Paper Count (3yr): 984.0
  Citation Intensity (3yr avg): 30.4
  Paper Growth Rate (YoY %): 116.14
  Patent Count (3yr): 2366.0
  NPL Citation Rate (3yr %): 0.0
  Corporate Patent Share (3yr %): 80.0
  Product Hunt Launches (3yr): 0.0
  Product Hunt Growth (YoY %): 0.0
  Form-D Filing Count (3yr): 0.0
  Capital Deployed (3yr $M): 0.0
  PE/VC Filing Growth (YoY %): 0.0

============================================================
Subfield: Edge AI for IoT
Timestamp: 2026-04-24T09:46:41.374280+00:00
Processed Data:
  Subfield: Edge AI for IoT
  Paper Count (3yr): 3716.0
  Citation Intensity (3yr avg): 11.2
  Paper Growth Rate (YoY %): 109.86
  Patent Count (3yr): 38988.0
  NPL Citation Rate (3yr %): 0.0
  Corporate Patent Share (3yr %): 90.0
  Product Hunt Launches (3yr): 0.0
  Product Hunt Growth (YoY %): 0.0
  Form-D Filing Count (3yr): 0.0
  Capital Deployed (3yr $M): 0.0
  PE/VC Filing Growth (YoY %): 0.0
