
============================================================
Subfield: CV in Sports Analytics
Timestamp: 2026-04-23T06:46:17.845059+00:00
Processed Data:
  Subfield: CV in Sports Analytics
  Paper Count (3yr): 796.0
  Citation Intensity (3yr avg): N/A
  Paper Growth Rate (YoY %): 0.0
  Patent Count (3yr): N/A
  NPL Citation Rate (3yr %): N/A
  Corporate Patent Share (3yr %): N/A
  Product Hunt Launches (3yr): 0.0
  Product Hunt Growth (YoY %): 0.0
  Form-D Filing Count (3yr): 1.0
  Capital Deployed (3yr $M): 5.75
  PE/VC Filing Growth (YoY %): 0.0
WARNING: N/A values in fields: ['Citation Intensity (3yr avg)', 'Patent Count (3yr)', 'NPL Citation Rate (3yr %)', 'Corporate Patent Share (3yr %)']

============================================================
Subfield: Autonomous Drone Navigation
Timestamp: 2026-04-23T06:46:17.845400+00:00
Processed Data:
  Subfield: Autonomous Drone Navigation
  Paper Count (3yr): N/A
  Citation Intensity (3yr avg): N/A
  Paper Growth Rate (YoY %): 0.0
  Patent Count (3yr): N/A
  NPL Citation Rate (3yr %): N/A
  Corporate Patent Share (3yr %): N/A
  Product Hunt Launches (3yr): 0.0
  Product Hunt Growth (YoY %): 0.0
  Form-D Filing Count (3yr): 0.0
  Capital Deployed (3yr $M): 0.0
  PE/VC Filing Growth (YoY %): 0.0
WARNING: N/A values in fields: ['Paper Count (3yr)', 'Citation Intensity (3yr avg)', 'Patent Count (3yr)', 'NPL Citation Rate (3yr %)', 'Corporate Patent Share (3yr %)']

============================================================
Subfield: Digital Twin Manufacturing
Timestamp: 2026-04-23T06:46:17.845524+00:00
Processed Data:
  Subfield: Digital Twin Manufacturing
  Paper Count (3yr): 422.0
  Citation Intensity (3yr avg): N/A
  Paper Growth Rate (YoY %): 0.0
  Patent Count (3yr): N/A
  NPL Citation Rate (3yr %): N/A
  Corporate Patent Share (3yr %): N/A
  Product Hunt Launches (3yr): 0.0
  Product Hunt Growth (YoY %): 0.0
  Form-D Filing Count (3yr): 0.0
  Capital Deployed (3yr $M): 0.0
  PE/VC Filing Growth (YoY %): 0.0
WARNING: N/A values in fields: ['Citation Intensity (3yr avg)', 'Patent Count (3yr)', 'NPL Citation Rate (3yr %)', 'Corporate Patent Share (3yr %)']

============================================================
Subfield: AI for Drug Discovery
Timestamp: 2026-04-23T06:46:17.845642+00:00
Processed Data:
  Subfield: AI for Drug Discovery
  Paper Count (3yr): N/A
  Citation Intensity (3yr avg): N/A
  Paper Growth Rate (YoY %): 0.0
  Patent Count (3yr): N/A
  NPL Citation Rate (3yr %): N/A
  Corporate Patent Share (3yr %): N/A
  Product Hunt Launches (3yr): 0.0
  Product Hunt Growth (YoY %): 0.0
  Form-D Filing Count (3yr): 0.0
  Capital Deployed (3yr $M): 0.0
  PE/VC Filing Growth (YoY %): 0.0
WARNING: N/A values in fields: ['Paper Count (3yr)', 'Citation Intensity (3yr avg)', 'Patent Count (3yr)', 'NPL Citation Rate (3yr %)', 'Corporate Patent Share (3yr %)']

============================================================
Subfield: Edge AI for IoT
Timestamp: 2026-04-23T06:46:17.845749+00:00
Processed Data:
  Subfield: Edge AI for IoT
  Paper Count (3yr): N/A
  Citation Intensity (3yr avg): N/A
  Paper Growth Rate (YoY %): 0.0
  Patent Count (3yr): N/A
  NPL Citation Rate (3yr %): N/A
  Corporate Patent Share (3yr %): N/A
  Product Hunt Launches (3yr): 0.0
  Product Hunt Growth (YoY %): 0.0
  Form-D Filing Count (3yr): 0.0
  Capital Deployed (3yr $M): 0.0
  PE/VC Filing Growth (YoY %): 0.0
WARNING: N/A values in fields: ['Paper Count (3yr)', 'Citation Intensity (3yr avg)', 'Patent Count (3yr)', 'NPL Citation Rate (3yr %)', 'Corporate Patent Share (3yr %)']
